<link rel="stylesheet" href="../style.css" />

[TOC]
# test.nonzero










## **ALIASES**

<table>
    <tr><th>Name</th><th>Value</th><th>Description</th></tr>
        <tr id="NonzeroInt16">
            <td><a href="https://cs.opensource.google/fuchsia/fuchsia/+/main:tools/fidl/fidlc/testdata/nonzero.test.fidl;l=12">NonzeroInt16</a></td>
            <td>
                <code>int16</code></td>
            <td></td>
        </tr>
        <tr id="NonzeroInt32">
            <td><a href="https://cs.opensource.google/fuchsia/fuchsia/+/main:tools/fidl/fidlc/testdata/nonzero.test.fidl;l=13">NonzeroInt32</a></td>
            <td>
                <code>int32</code></td>
            <td></td>
        </tr>
        <tr id="NonzeroInt64">
            <td><a href="https://cs.opensource.google/fuchsia/fuchsia/+/main:tools/fidl/fidlc/testdata/nonzero.test.fidl;l=14">NonzeroInt64</a></td>
            <td>
                <code>int64</code></td>
            <td></td>
        </tr>
        <tr id="NonzeroInt8">
            <td><a href="https://cs.opensource.google/fuchsia/fuchsia/+/main:tools/fidl/fidlc/testdata/nonzero.test.fidl;l=11">NonzeroInt8</a></td>
            <td>
                <code>int8</code></td>
            <td></td>
        </tr>
        <tr id="NonzeroUint16">
            <td><a href="https://cs.opensource.google/fuchsia/fuchsia/+/main:tools/fidl/fidlc/testdata/nonzero.test.fidl;l=8">NonzeroUint16</a></td>
            <td>
                <code>uint16</code></td>
            <td></td>
        </tr>
        <tr id="NonzeroUint32">
            <td><a href="https://cs.opensource.google/fuchsia/fuchsia/+/main:tools/fidl/fidlc/testdata/nonzero.test.fidl;l=9">NonzeroUint32</a></td>
            <td>
                <code>uint32</code></td>
            <td></td>
        </tr>
        <tr id="NonzeroUint64">
            <td><a href="https://cs.opensource.google/fuchsia/fuchsia/+/main:tools/fidl/fidlc/testdata/nonzero.test.fidl;l=10">NonzeroUint64</a></td>
            <td>
                <code>uint64</code></td>
            <td></td>
        </tr>
        <tr id="NonzeroUint8">
            <td><a href="https://cs.opensource.google/fuchsia/fuchsia/+/main:tools/fidl/fidlc/testdata/nonzero.test.fidl;l=7">NonzeroUint8</a></td>
            <td>
                <code>uint8</code></td>
            <td></td>
        </tr>
</table>
