{
  "name": "test.nonzero",
  "lib_declarations": [
    {
      "is_virtual": false,
      "file": "../../tools/fidl/fidlc/testdata/nonzero.test.fidl",
      "data": "test.nonzero",
      "start_offset": 173,
      "end_offset": 185
    }
  ],
  "using_declarations": [],
  "dependencies": [],
  "dependency_identifiers": [],
  "consts": [],
  "enums": [],
  "unions": [],
  "tables": [],
  "structs": [],
  "protocols": []
}
