{
  "name": "test.zxtypes",
  "lib_declarations": [
    {
      "is_virtual": false,
      "file": "../../tools/fidl/fidlc/testdata/zx_types.test.fidl",
      "data": "test.zxtypes",
      "start_offset": 173,
      "end_offset": 185
    }
  ],
  "using_declarations": [
    {
      "library_name": "zx",
      "referenced_at": {
        "is_virtual": false,
        "file": "../../tools/fidl/fidlc/testdata/zx_types.test.fidl",
        "data": "zx",
        "start_offset": 194,
        "end_offset": 196
      }
    }
  ],
  "dependencies": [
    {
      "library_name": "zx",
      "library_location": {
        "is_virtual": false,
        "file": "../../zircon/vdso/overview.fidl",
        "data": "zx",
        "start_offset": 212,
        "end_offset": 214
      }
    }
  ],
  "dependency_identifiers": [
    {
      "identifier": "zx/CHANNEL_MAX_MSG_BYTES",
      "location": {
        "is_virtual": false,
        "file": "../../zircon/vdso/zx_common.fidl",
        "data": "CHANNEL_MAX_MSG_BYTES",
        "start_offset": 2405,
        "end_offset": 2426
      }
    },
    {
      "identifier": "zx/CHANNEL_MAX_MSG_HANDLES",
      "location": {
        "is_virtual": false,
        "file": "../../zircon/vdso/zx_common.fidl",
        "data": "CHANNEL_MAX_MSG_HANDLES",
        "start_offset": 2449,
        "end_offset": 2472
      }
    },
    {
      "identifier": "zx/DEFAULT_CHANNEL_RIGHTS",
      "location": {
        "is_virtual": false,
        "file": "../../zircon/vdso/rights.fidl",
        "data": "DEFAULT_CHANNEL_RIGHTS",
        "start_offset": 1417,
        "end_offset": 1439
      }
    },
    {
      "identifier": "zx/DEFAULT_EVENT_RIGHTS",
      "location": {
        "is_virtual": false,
        "file": "../../zircon/vdso/rights.fidl",
        "data": "DEFAULT_EVENT_RIGHTS",
        "start_offset": 1560,
        "end_offset": 1580
      }
    },
    {
      "identifier": "zx/IOB_MAX_REGIONS",
      "location": {
        "is_virtual": false,
        "file": "../../zircon/vdso/zx_common.fidl",
        "data": "IOB_MAX_REGIONS",
        "start_offset": 2492,
        "end_offset": 2507
      }
    },
    {
      "identifier": "zx/MAX_CPUS",
      "location": {
        "is_virtual": false,
        "file": "../../zircon/vdso/zx_common.fidl",
        "data": "MAX_CPUS",
        "start_offset": 2559,
        "end_offset": 2567
      }
    },
    {
      "identifier": "zx/MAX_NAME_LEN",
      "location": {
        "is_virtual": false,
        "file": "../../zircon/vdso/zx_common.fidl",
        "data": "MAX_NAME_LEN",
        "start_offset": 2527,
        "end_offset": 2539
      }
    },
    {
      "identifier": "zx/RIGHTS_BASIC",
      "location": {
        "is_virtual": false,
        "file": "../../zircon/vdso/rights.fidl",
        "data": "RIGHTS_BASIC",
        "start_offset": 1126,
        "end_offset": 1138
      }
    },
    {
      "identifier": "zx/RIGHTS_IO",
      "location": {
        "is_virtual": false,
        "file": "../../zircon/vdso/rights.fidl",
        "data": "RIGHTS_IO",
        "start_offset": 1221,
        "end_offset": 1230
      }
    },
    {
      "identifier": "zx/RIGHTS_POLICY",
      "location": {
        "is_virtual": false,
        "file": "../../zircon/vdso/rights.fidl",
        "data": "RIGHTS_POLICY",
        "start_offset": 1348,
        "end_offset": 1361
      }
    },
    {
      "identifier": "zx/RIGHTS_PROPERTY",
      "location": {
        "is_virtual": false,
        "file": "../../zircon/vdso/rights.fidl",
        "data": "RIGHTS_PROPERTY",
        "start_offset": 1274,
        "end_offset": 1289
      }
    },
    {
      "identifier": "zx/ObjType",
      "location": {
        "is_virtual": false,
        "file": "../../zircon/vdso/zx_common.fidl",
        "data": "ObjType",
        "start_offset": 2588,
        "end_offset": 2595
      }
    },
    {
      "identifier": "zx/ObjType.NONE",
      "location": {
        "is_virtual": false,
        "file": "../../zircon/vdso/zx_common.fidl",
        "data": "NONE",
        "start_offset": 2625,
        "end_offset": 2629
      }
    },
    {
      "identifier": "zx/ObjType.PROCESS",
      "location": {
        "is_virtual": false,
        "file": "../../zircon/vdso/zx_common.fidl",
        "data": "PROCESS",
        "start_offset": 2639,
        "end_offset": 2646
      }
    },
    {
      "identifier": "zx/ObjType.THREAD",
      "location": {
        "is_virtual": false,
        "file": "../../zircon/vdso/zx_common.fidl",
        "data": "THREAD",
        "start_offset": 2656,
        "end_offset": 2662
      }
    },
    {
      "identifier": "zx/ObjType.VMO",
      "location": {
        "is_virtual": false,
        "file": "../../zircon/vdso/zx_common.fidl",
        "data": "VMO",
        "start_offset": 2672,
        "end_offset": 2675
      }
    },
    {
      "identifier": "zx/ObjType.CHANNEL",
      "location": {
        "is_virtual": false,
        "file": "../../zircon/vdso/zx_common.fidl",
        "data": "CHANNEL",
        "start_offset": 2685,
        "end_offset": 2692
      }
    },
    {
      "identifier": "zx/ObjType.EVENT",
      "location": {
        "is_virtual": false,
        "file": "../../zircon/vdso/zx_common.fidl",
        "data": "EVENT",
        "start_offset": 2702,
        "end_offset": 2707
      }
    },
    {
      "identifier": "zx/ObjType.PORT",
      "location": {
        "is_virtual": false,
        "file": "../../zircon/vdso/zx_common.fidl",
        "data": "PORT",
        "start_offset": 2717,
        "end_offset": 2721
      }
    },
    {
      "identifier": "zx/ObjType.INTERRUPT",
      "location": {
        "is_virtual": false,
        "file": "../../zircon/vdso/zx_common.fidl",
        "data": "INTERRUPT",
        "start_offset": 2731,
        "end_offset": 2740
      }
    },
    {
      "identifier": "zx/ObjType.PCI_DEVICE",
      "location": {
        "is_virtual": false,
        "file": "../../zircon/vdso/zx_common.fidl",
        "data": "PCI_DEVICE",
        "start_offset": 2750,
        "end_offset": 2760
      }
    },
    {
      "identifier": "zx/ObjType.LOG",
      "location": {
        "is_virtual": false,
        "file": "../../zircon/vdso/zx_common.fidl",
        "data": "LOG",
        "start_offset": 2771,
        "end_offset": 2774
      }
    },
    {
      "identifier": "zx/ObjType.SOCKET",
      "location": {
        "is_virtual": false,
        "file": "../../zircon/vdso/zx_common.fidl",
        "data": "SOCKET",
        "start_offset": 2785,
        "end_offset": 2791
      }
    },
    {
      "identifier": "zx/ObjType.RESOURCE",
      "location": {
        "is_virtual": false,
        "file": "../../zircon/vdso/zx_common.fidl",
        "data": "RESOURCE",
        "start_offset": 2802,
        "end_offset": 2810
      }
    },
    {
      "identifier": "zx/ObjType.EVENTPAIR",
      "location": {
        "is_virtual": false,
        "file": "../../zircon/vdso/zx_common.fidl",
        "data": "EVENTPAIR",
        "start_offset": 2821,
        "end_offset": 2830
      }
    },
    {
      "identifier": "zx/ObjType.JOB",
      "location": {
        "is_virtual": false,
        "file": "../../zircon/vdso/zx_common.fidl",
        "data": "JOB",
        "start_offset": 2841,
        "end_offset": 2844
      }
    },
    {
      "identifier": "zx/ObjType.VMAR",
      "location": {
        "is_virtual": false,
        "file": "../../zircon/vdso/zx_common.fidl",
        "data": "VMAR",
        "start_offset": 2855,
        "end_offset": 2859
      }
    },
    {
      "identifier": "zx/ObjType.FIFO",
      "location": {
        "is_virtual": false,
        "file": "../../zircon/vdso/zx_common.fidl",
        "data": "FIFO",
        "start_offset": 2870,
        "end_offset": 2874
      }
    },
    {
      "identifier": "zx/ObjType.GUEST",
      "location": {
        "is_virtual": false,
        "file": "../../zircon/vdso/zx_common.fidl",
        "data": "GUEST",
        "start_offset": 2885,
        "end_offset": 2890
      }
    },
    {
      "identifier": "zx/ObjType.VCPU",
      "location": {
        "is_virtual": false,
        "file": "../../zircon/vdso/zx_common.fidl",
        "data": "VCPU",
        "start_offset": 2901,
        "end_offset": 2905
      }
    },
    {
      "identifier": "zx/ObjType.TIMER",
      "location": {
        "is_virtual": false,
        "file": "../../zircon/vdso/zx_common.fidl",
        "data": "TIMER",
        "start_offset": 2916,
        "end_offset": 2921
      }
    },
    {
      "identifier": "zx/ObjType.IOMMU",
      "location": {
        "is_virtual": false,
        "file": "../../zircon/vdso/zx_common.fidl",
        "data": "IOMMU",
        "start_offset": 2932,
        "end_offset": 2937
      }
    },
    {
      "identifier": "zx/ObjType.BTI",
      "location": {
        "is_virtual": false,
        "file": "../../zircon/vdso/zx_common.fidl",
        "data": "BTI",
        "start_offset": 2948,
        "end_offset": 2951
      }
    },
    {
      "identifier": "zx/ObjType.PROFILE",
      "location": {
        "is_virtual": false,
        "file": "../../zircon/vdso/zx_common.fidl",
        "data": "PROFILE",
        "start_offset": 2962,
        "end_offset": 2969
      }
    },
    {
      "identifier": "zx/ObjType.PMT",
      "location": {
        "is_virtual": false,
        "file": "../../zircon/vdso/zx_common.fidl",
        "data": "PMT",
        "start_offset": 2980,
        "end_offset": 2983
      }
    },
    {
      "identifier": "zx/ObjType.SUSPEND_TOKEN",
      "location": {
        "is_virtual": false,
        "file": "../../zircon/vdso/zx_common.fidl",
        "data": "SUSPEND_TOKEN",
        "start_offset": 2994,
        "end_offset": 3007
      }
    },
    {
      "identifier": "zx/ObjType.PAGER",
      "location": {
        "is_virtual": false,
        "file": "../../zircon/vdso/zx_common.fidl",
        "data": "PAGER",
        "start_offset": 3018,
        "end_offset": 3023
      }
    },
    {
      "identifier": "zx/ObjType.EXCEPTION",
      "location": {
        "is_virtual": false,
        "file": "../../zircon/vdso/zx_common.fidl",
        "data": "EXCEPTION",
        "start_offset": 3034,
        "end_offset": 3043
      }
    },
    {
      "identifier": "zx/ObjType.CLOCK",
      "location": {
        "is_virtual": false,
        "file": "../../zircon/vdso/zx_common.fidl",
        "data": "CLOCK",
        "start_offset": 3054,
        "end_offset": 3059
      }
    },
    {
      "identifier": "zx/ObjType.STREAM",
      "location": {
        "is_virtual": false,
        "file": "../../zircon/vdso/zx_common.fidl",
        "data": "STREAM",
        "start_offset": 3070,
        "end_offset": 3076
      }
    },
    {
      "identifier": "zx/ObjType.MSI",
      "location": {
        "is_virtual": false,
        "file": "../../zircon/vdso/zx_common.fidl",
        "data": "MSI",
        "start_offset": 3087,
        "end_offset": 3090
      }
    },
    {
      "identifier": "zx/ObjType.IOB",
      "location": {
        "is_virtual": false,
        "file": "../../zircon/vdso/zx_common.fidl",
        "data": "IOB",
        "start_offset": 3101,
        "end_offset": 3104
      }
    },
    {
      "identifier": "zx/ObjType.COUNTER",
      "location": {
        "is_virtual": false,
        "file": "../../zircon/vdso/zx_common.fidl",
        "data": "COUNTER",
        "start_offset": 3337,
        "end_offset": 3344
      }
    }
  ],
  "consts": [],
  "enums": [
    {
      "is_anonymous": false,
      "identifier": "test.zxtypes/ResultEnum",
      "location": {
        "is_virtual": false,
        "file": "../../tools/fidl/fidlc/testdata/zx_types.test.fidl",
        "data": "ResultEnum",
        "start_offset": 1501,
        "end_offset": 1511
      },
      "members": [
        {
          "name": "OK",
          "location": {
            "is_virtual": false,
            "file": "../../tools/fidl/fidlc/testdata/zx_types.test.fidl",
            "data": "OK",
            "start_offset": 1548,
            "end_offset": 1550
          },
          "value": {
            "type": "literal"
          }
        }
      ]
    },
    {
      "is_anonymous": false,
      "identifier": "test.zxtypes/ResultEnumAlias",
      "location": {
        "is_virtual": false,
        "file": "../../tools/fidl/fidlc/testdata/zx_types.test.fidl",
        "data": "ResultEnumAlias",
        "start_offset": 1565,
        "end_offset": 1580
      },
      "members": [
        {
          "name": "OK",
          "location": {
            "is_virtual": false,
            "file": "../../tools/fidl/fidlc/testdata/zx_types.test.fidl",
            "data": "OK",
            "start_offset": 1617,
            "end_offset": 1619
          },
          "value": {
            "type": "literal"
          }
        }
      ]
    },
    {
      "is_anonymous": false,
      "identifier": "test.zxtypes/StatusEnum",
      "location": {
        "is_virtual": false,
        "file": "../../tools/fidl/fidlc/testdata/zx_types.test.fidl",
        "data": "StatusEnum",
        "start_offset": 236,
        "end_offset": 246
      },
      "members": [
        {
          "name": "OK",
          "location": {
            "is_virtual": false,
            "file": "../../tools/fidl/fidlc/testdata/zx_types.test.fidl",
            "data": "OK",
            "start_offset": 283,
            "end_offset": 285
          },
          "value": {
            "type": "literal"
          }
        }
      ]
    },
    {
      "is_anonymous": false,
      "identifier": "test.zxtypes/StatusEnumAlias",
      "location": {
        "is_virtual": false,
        "file": "../../tools/fidl/fidlc/testdata/zx_types.test.fidl",
        "data": "StatusEnumAlias",
        "start_offset": 300,
        "end_offset": 315
      },
      "members": [
        {
          "name": "OK",
          "location": {
            "is_virtual": false,
            "file": "../../tools/fidl/fidlc/testdata/zx_types.test.fidl",
            "data": "OK",
            "start_offset": 352,
            "end_offset": 354
          },
          "value": {
            "type": "literal"
          }
        }
      ]
    }
  ],
  "unions": [
    {
      "is_anonymous": true,
      "members": [
        {
          "is_reserved": false,
          "name": "response",
          "location": {
            "is_virtual": true
          },
          "type": {
            "kind": "identifier",
            "is_anonymous": true
          }
        },
        {
          "is_reserved": false,
          "name": "err",
          "location": {
            "is_virtual": true
          },
          "type": {
            "kind": "primitive"
          }
        },
        {
          "is_reserved": false,
          "name": "framework_err",
          "location": {
            "is_virtual": true
          },
          "type": {
            "kind": "internal"
          }
        }
      ]
    },
    {
      "is_anonymous": true,
      "members": [
        {
          "is_reserved": false,
          "name": "response",
          "location": {
            "is_virtual": true
          },
          "type": {
            "kind": "identifier",
            "is_anonymous": true
          }
        },
        {
          "is_reserved": false,
          "name": "err",
          "location": {
            "is_virtual": true
          },
          "type": {
            "kind": "primitive"
          }
        },
        {
          "is_reserved": false,
          "name": "framework_err",
          "location": {
            "is_virtual": true
          },
          "type": {
            "kind": "internal"
          }
        }
      ]
    },
    {
      "is_anonymous": false,
      "identifier": "test.zxtypes/ResultUnion",
      "location": {
        "is_virtual": false,
        "file": "../../tools/fidl/fidlc/testdata/zx_types.test.fidl",
        "data": "ResultUnion",
        "start_offset": 2194,
        "end_offset": 2205
      },
      "members": [
        {
          "is_reserved": false,
          "name": "result",
          "location": {
            "is_virtual": false,
            "file": "../../tools/fidl/fidlc/testdata/zx_types.test.fidl",
            "data": "result",
            "start_offset": 2223,
            "end_offset": 2229
          },
          "type": {
            "kind": "primitive"
          }
        },
        {
          "is_reserved": false,
          "name": "result_array",
          "location": {
            "is_virtual": false,
            "file": "../../tools/fidl/fidlc/testdata/zx_types.test.fidl",
            "data": "result_array",
            "start_offset": 2248,
            "end_offset": 2260
          },
          "type": {
            "kind": "array"
          }
        },
        {
          "is_reserved": false,
          "name": "result_vector",
          "location": {
            "is_virtual": false,
            "file": "../../tools/fidl/fidlc/testdata/zx_types.test.fidl",
            "data": "result_vector",
            "start_offset": 2290,
            "end_offset": 2303
          },
          "type": {
            "kind": "vector"
          }
        }
      ]
    },
    {
      "is_anonymous": false,
      "identifier": "test.zxtypes/ResultUnionAlias",
      "location": {
        "is_virtual": false,
        "file": "../../tools/fidl/fidlc/testdata/zx_types.test.fidl",
        "data": "ResultUnionAlias",
        "start_offset": 2332,
        "end_offset": 2348
      },
      "members": [
        {
          "is_reserved": false,
          "name": "result",
          "location": {
            "is_virtual": false,
            "file": "../../tools/fidl/fidlc/testdata/zx_types.test.fidl",
            "data": "result",
            "start_offset": 2366,
            "end_offset": 2372
          },
          "type": {
            "kind": "primitive"
          }
        },
        {
          "is_reserved": false,
          "name": "result_array",
          "location": {
            "is_virtual": false,
            "file": "../../tools/fidl/fidlc/testdata/zx_types.test.fidl",
            "data": "result_array",
            "start_offset": 2393,
            "end_offset": 2405
          },
          "type": {
            "kind": "array"
          }
        },
        {
          "is_reserved": false,
          "name": "result_vector",
          "location": {
            "is_virtual": false,
            "file": "../../tools/fidl/fidlc/testdata/zx_types.test.fidl",
            "data": "result_vector",
            "start_offset": 2437,
            "end_offset": 2450
          },
          "type": {
            "kind": "vector"
          }
        }
      ]
    },
    {
      "is_anonymous": true,
      "members": [
        {
          "is_reserved": false,
          "name": "response",
          "location": {
            "is_virtual": true
          },
          "type": {
            "kind": "identifier",
            "is_anonymous": true
          }
        },
        {
          "is_reserved": false,
          "name": "err",
          "location": {
            "is_virtual": true
          },
          "type": {
            "kind": "primitive"
          }
        },
        {
          "is_reserved": false,
          "name": "framework_err",
          "location": {
            "is_virtual": true
          },
          "type": {
            "kind": "internal"
          }
        }
      ]
    },
    {
      "is_anonymous": true,
      "members": [
        {
          "is_reserved": false,
          "name": "response",
          "location": {
            "is_virtual": true
          },
          "type": {
            "kind": "identifier",
            "is_anonymous": true
          }
        },
        {
          "is_reserved": false,
          "name": "err",
          "location": {
            "is_virtual": true
          },
          "type": {
            "kind": "primitive"
          }
        },
        {
          "is_reserved": false,
          "name": "framework_err",
          "location": {
            "is_virtual": true
          },
          "type": {
            "kind": "internal"
          }
        }
      ]
    },
    {
      "is_anonymous": false,
      "identifier": "test.zxtypes/StatusUnion",
      "location": {
        "is_virtual": false,
        "file": "../../tools/fidl/fidlc/testdata/zx_types.test.fidl",
        "data": "StatusUnion",
        "start_offset": 929,
        "end_offset": 940
      },
      "members": [
        {
          "is_reserved": false,
          "name": "status",
          "location": {
            "is_virtual": false,
            "file": "../../tools/fidl/fidlc/testdata/zx_types.test.fidl",
            "data": "status",
            "start_offset": 958,
            "end_offset": 964
          },
          "type": {
            "kind": "primitive"
          }
        },
        {
          "is_reserved": false,
          "name": "status_array",
          "location": {
            "is_virtual": false,
            "file": "../../tools/fidl/fidlc/testdata/zx_types.test.fidl",
            "data": "status_array",
            "start_offset": 983,
            "end_offset": 995
          },
          "type": {
            "kind": "array"
          }
        },
        {
          "is_reserved": false,
          "name": "status_vector",
          "location": {
            "is_virtual": false,
            "file": "../../tools/fidl/fidlc/testdata/zx_types.test.fidl",
            "data": "status_vector",
            "start_offset": 1025,
            "end_offset": 1038
          },
          "type": {
            "kind": "vector"
          }
        }
      ]
    },
    {
      "is_anonymous": false,
      "identifier": "test.zxtypes/StatusUnionAlias",
      "location": {
        "is_virtual": false,
        "file": "../../tools/fidl/fidlc/testdata/zx_types.test.fidl",
        "data": "StatusUnionAlias",
        "start_offset": 1067,
        "end_offset": 1083
      },
      "members": [
        {
          "is_reserved": false,
          "name": "status",
          "location": {
            "is_virtual": false,
            "file": "../../tools/fidl/fidlc/testdata/zx_types.test.fidl",
            "data": "status",
            "start_offset": 1101,
            "end_offset": 1107
          },
          "type": {
            "kind": "primitive"
          }
        },
        {
          "is_reserved": false,
          "name": "status_array",
          "location": {
            "is_virtual": false,
            "file": "../../tools/fidl/fidlc/testdata/zx_types.test.fidl",
            "data": "status_array",
            "start_offset": 1128,
            "end_offset": 1140
          },
          "type": {
            "kind": "array"
          }
        },
        {
          "is_reserved": false,
          "name": "status_vector",
          "location": {
            "is_virtual": false,
            "file": "../../tools/fidl/fidlc/testdata/zx_types.test.fidl",
            "data": "status_vector",
            "start_offset": 1172,
            "end_offset": 1185
          },
          "type": {
            "kind": "vector"
          }
        }
      ]
    }
  ],
  "tables": [
    {
      "is_anonymous": false,
      "identifier": "test.zxtypes/ResultTable",
      "location": {
        "is_virtual": false,
        "file": "../../tools/fidl/fidlc/testdata/zx_types.test.fidl",
        "data": "ResultTable",
        "start_offset": 1907,
        "end_offset": 1918
      },
      "members": [
        {
          "is_reserved": false,
          "name": "result",
          "location": {
            "is_virtual": false,
            "file": "../../tools/fidl/fidlc/testdata/zx_types.test.fidl",
            "data": "result",
            "start_offset": 1936,
            "end_offset": 1942
          },
          "type": {
            "kind": "primitive"
          }
        },
        {
          "is_reserved": false,
          "name": "result_array",
          "location": {
            "is_virtual": false,
            "file": "../../tools/fidl/fidlc/testdata/zx_types.test.fidl",
            "data": "result_array",
            "start_offset": 1961,
            "end_offset": 1973
          },
          "type": {
            "kind": "array"
          }
        },
        {
          "is_reserved": false,
          "name": "result_vector",
          "location": {
            "is_virtual": false,
            "file": "../../tools/fidl/fidlc/testdata/zx_types.test.fidl",
            "data": "result_vector",
            "start_offset": 2003,
            "end_offset": 2016
          },
          "type": {
            "kind": "vector"
          }
        }
      ]
    },
    {
      "is_anonymous": false,
      "identifier": "test.zxtypes/ResultTableAlias",
      "location": {
        "is_virtual": false,
        "file": "../../tools/fidl/fidlc/testdata/zx_types.test.fidl",
        "data": "ResultTableAlias",
        "start_offset": 2045,
        "end_offset": 2061
      },
      "members": [
        {
          "is_reserved": false,
          "name": "result",
          "location": {
            "is_virtual": false,
            "file": "../../tools/fidl/fidlc/testdata/zx_types.test.fidl",
            "data": "result",
            "start_offset": 2079,
            "end_offset": 2085
          },
          "type": {
            "kind": "primitive"
          }
        },
        {
          "is_reserved": false,
          "name": "result_array",
          "location": {
            "is_virtual": false,
            "file": "../../tools/fidl/fidlc/testdata/zx_types.test.fidl",
            "data": "result_array",
            "start_offset": 2106,
            "end_offset": 2118
          },
          "type": {
            "kind": "array"
          }
        },
        {
          "is_reserved": false,
          "name": "result_vector",
          "location": {
            "is_virtual": false,
            "file": "../../tools/fidl/fidlc/testdata/zx_types.test.fidl",
            "data": "result_vector",
            "start_offset": 2150,
            "end_offset": 2163
          },
          "type": {
            "kind": "vector"
          }
        }
      ]
    },
    {
      "is_anonymous": false,
      "identifier": "test.zxtypes/StatusTable",
      "location": {
        "is_virtual": false,
        "file": "../../tools/fidl/fidlc/testdata/zx_types.test.fidl",
        "data": "StatusTable",
        "start_offset": 642,
        "end_offset": 653
      },
      "members": [
        {
          "is_reserved": false,
          "name": "status",
          "location": {
            "is_virtual": false,
            "file": "../../tools/fidl/fidlc/testdata/zx_types.test.fidl",
            "data": "status",
            "start_offset": 671,
            "end_offset": 677
          },
          "type": {
            "kind": "primitive"
          }
        },
        {
          "is_reserved": false,
          "name": "status_array",
          "location": {
            "is_virtual": false,
            "file": "../../tools/fidl/fidlc/testdata/zx_types.test.fidl",
            "data": "status_array",
            "start_offset": 696,
            "end_offset": 708
          },
          "type": {
            "kind": "array"
          }
        },
        {
          "is_reserved": false,
          "name": "status_vector",
          "location": {
            "is_virtual": false,
            "file": "../../tools/fidl/fidlc/testdata/zx_types.test.fidl",
            "data": "status_vector",
            "start_offset": 738,
            "end_offset": 751
          },
          "type": {
            "kind": "vector"
          }
        }
      ]
    },
    {
      "is_anonymous": false,
      "identifier": "test.zxtypes/StatusTableAlias",
      "location": {
        "is_virtual": false,
        "file": "../../tools/fidl/fidlc/testdata/zx_types.test.fidl",
        "data": "StatusTableAlias",
        "start_offset": 780,
        "end_offset": 796
      },
      "members": [
        {
          "is_reserved": false,
          "name": "status",
          "location": {
            "is_virtual": false,
            "file": "../../tools/fidl/fidlc/testdata/zx_types.test.fidl",
            "data": "status",
            "start_offset": 814,
            "end_offset": 820
          },
          "type": {
            "kind": "primitive"
          }
        },
        {
          "is_reserved": false,
          "name": "status_array",
          "location": {
            "is_virtual": false,
            "file": "../../tools/fidl/fidlc/testdata/zx_types.test.fidl",
            "data": "status_array",
            "start_offset": 841,
            "end_offset": 853
          },
          "type": {
            "kind": "array"
          }
        },
        {
          "is_reserved": false,
          "name": "status_vector",
          "location": {
            "is_virtual": false,
            "file": "../../tools/fidl/fidlc/testdata/zx_types.test.fidl",
            "data": "status_vector",
            "start_offset": 885,
            "end_offset": 898
          },
          "type": {
            "kind": "vector"
          }
        }
      ]
    }
  ],
  "structs": [
    {
      "is_anonymous": true,
      "identifier": "test.zxtypes/ResultProtocolARequest",
      "members": [
        {
          "name": "arg",
          "location": {
            "is_virtual": false,
            "file": "../../tools/fidl/fidlc/testdata/zx_types.test.fidl",
            "data": "arg",
            "start_offset": 2525,
            "end_offset": 2528
          },
          "type": {
            "kind": "primitive"
          }
        }
      ]
    },
    {
      "is_anonymous": true,
      "identifier": "test.zxtypes/ResultProtocolBRequest",
      "members": [
        {
          "name": "arg",
          "location": {
            "is_virtual": false,
            "file": "../../tools/fidl/fidlc/testdata/zx_types.test.fidl",
            "data": "arg",
            "start_offset": 2634,
            "end_offset": 2637
          },
          "type": {
            "kind": "primitive"
          }
        }
      ]
    },
    {
      "is_anonymous": true,
      "identifier": "test.zxtypes/ResultProtocol_A_Response",
      "members": [
        {
          "name": "result",
          "location": {
            "is_virtual": false,
            "file": "../../tools/fidl/fidlc/testdata/zx_types.test.fidl",
            "data": "result",
            "start_offset": 2568,
            "end_offset": 2574
          },
          "type": {
            "kind": "primitive"
          }
        }
      ]
    },
    {
      "is_anonymous": true,
      "identifier": "test.zxtypes/ResultProtocol_B_Response",
      "members": [
        {
          "name": "result",
          "location": {
            "is_virtual": false,
            "file": "../../tools/fidl/fidlc/testdata/zx_types.test.fidl",
            "data": "result",
            "start_offset": 2679,
            "end_offset": 2685
          },
          "type": {
            "kind": "primitive"
          }
        }
      ]
    },
    {
      "is_anonymous": false,
      "identifier": "test.zxtypes/ResultStruct",
      "location": {
        "is_virtual": false,
        "file": "../../tools/fidl/fidlc/testdata/zx_types.test.fidl",
        "data": "ResultStruct",
        "start_offset": 1634,
        "end_offset": 1646
      },
      "members": [
        {
          "name": "result",
          "location": {
            "is_virtual": false,
            "file": "../../tools/fidl/fidlc/testdata/zx_types.test.fidl",
            "data": "result",
            "start_offset": 1662,
            "end_offset": 1668
          },
          "type": {
            "kind": "primitive"
          }
        },
        {
          "name": "result_array",
          "location": {
            "is_virtual": false,
            "file": "../../tools/fidl/fidlc/testdata/zx_types.test.fidl",
            "data": "result_array",
            "start_offset": 1684,
            "end_offset": 1696
          },
          "type": {
            "kind": "array"
          }
        },
        {
          "name": "result_vector",
          "location": {
            "is_virtual": false,
            "file": "../../tools/fidl/fidlc/testdata/zx_types.test.fidl",
            "data": "result_vector",
            "start_offset": 1723,
            "end_offset": 1736
          },
          "type": {
            "kind": "vector"
          }
        }
      ]
    },
    {
      "is_anonymous": false,
      "identifier": "test.zxtypes/ResultStructAlias",
      "location": {
        "is_virtual": false,
        "file": "../../tools/fidl/fidlc/testdata/zx_types.test.fidl",
        "data": "ResultStructAlias",
        "start_offset": 1765,
        "end_offset": 1782
      },
      "members": [
        {
          "name": "result",
          "location": {
            "is_virtual": false,
            "file": "../../tools/fidl/fidlc/testdata/zx_types.test.fidl",
            "data": "result",
            "start_offset": 1798,
            "end_offset": 1804
          },
          "type": {
            "kind": "primitive"
          }
        },
        {
          "name": "result_array",
          "location": {
            "is_virtual": false,
            "file": "../../tools/fidl/fidlc/testdata/zx_types.test.fidl",
            "data": "result_array",
            "start_offset": 1822,
            "end_offset": 1834
          },
          "type": {
            "kind": "array"
          }
        },
        {
          "name": "result_vector",
          "location": {
            "is_virtual": false,
            "file": "../../tools/fidl/fidlc/testdata/zx_types.test.fidl",
            "data": "result_vector",
            "start_offset": 1863,
            "end_offset": 1876
          },
          "type": {
            "kind": "vector"
          }
        }
      ]
    },
    {
      "is_anonymous": true,
      "identifier": "test.zxtypes/StatusProtocolARequest",
      "members": [
        {
          "name": "arg",
          "location": {
            "is_virtual": false,
            "file": "../../tools/fidl/fidlc/testdata/zx_types.test.fidl",
            "data": "arg",
            "start_offset": 1260,
            "end_offset": 1263
          },
          "type": {
            "kind": "primitive"
          }
        }
      ]
    },
    {
      "is_anonymous": true,
      "identifier": "test.zxtypes/StatusProtocolBRequest",
      "members": [
        {
          "name": "arg",
          "location": {
            "is_virtual": false,
            "file": "../../tools/fidl/fidlc/testdata/zx_types.test.fidl",
            "data": "arg",
            "start_offset": 1369,
            "end_offset": 1372
          },
          "type": {
            "kind": "primitive"
          }
        }
      ]
    },
    {
      "is_anonymous": true,
      "identifier": "test.zxtypes/StatusProtocol_A_Response",
      "members": [
        {
          "name": "status",
          "location": {
            "is_virtual": false,
            "file": "../../tools/fidl/fidlc/testdata/zx_types.test.fidl",
            "data": "status",
            "start_offset": 1303,
            "end_offset": 1309
          },
          "type": {
            "kind": "primitive"
          }
        }
      ]
    },
    {
      "is_anonymous": true,
      "identifier": "test.zxtypes/StatusProtocol_B_Response",
      "members": [
        {
          "name": "status",
          "location": {
            "is_virtual": false,
            "file": "../../tools/fidl/fidlc/testdata/zx_types.test.fidl",
            "data": "status",
            "start_offset": 1414,
            "end_offset": 1420
          },
          "type": {
            "kind": "primitive"
          }
        }
      ]
    },
    {
      "is_anonymous": false,
      "identifier": "test.zxtypes/StatusStruct",
      "location": {
        "is_virtual": false,
        "file": "../../tools/fidl/fidlc/testdata/zx_types.test.fidl",
        "data": "StatusStruct",
        "start_offset": 369,
        "end_offset": 381
      },
      "members": [
        {
          "name": "status",
          "location": {
            "is_virtual": false,
            "file": "../../tools/fidl/fidlc/testdata/zx_types.test.fidl",
            "data": "status",
            "start_offset": 397,
            "end_offset": 403
          },
          "type": {
            "kind": "primitive"
          }
        },
        {
          "name": "status_array",
          "location": {
            "is_virtual": false,
            "file": "../../tools/fidl/fidlc/testdata/zx_types.test.fidl",
            "data": "status_array",
            "start_offset": 419,
            "end_offset": 431
          },
          "type": {
            "kind": "array"
          }
        },
        {
          "name": "status_vector",
          "location": {
            "is_virtual": false,
            "file": "../../tools/fidl/fidlc/testdata/zx_types.test.fidl",
            "data": "status_vector",
            "start_offset": 458,
            "end_offset": 471
          },
          "type": {
            "kind": "vector"
          }
        }
      ]
    },
    {
      "is_anonymous": false,
      "identifier": "test.zxtypes/StatusStructAlias",
      "location": {
        "is_virtual": false,
        "file": "../../tools/fidl/fidlc/testdata/zx_types.test.fidl",
        "data": "StatusStructAlias",
        "start_offset": 500,
        "end_offset": 517
      },
      "members": [
        {
          "name": "status",
          "location": {
            "is_virtual": false,
            "file": "../../tools/fidl/fidlc/testdata/zx_types.test.fidl",
            "data": "status",
            "start_offset": 533,
            "end_offset": 539
          },
          "type": {
            "kind": "primitive"
          }
        },
        {
          "name": "status_array",
          "location": {
            "is_virtual": false,
            "file": "../../tools/fidl/fidlc/testdata/zx_types.test.fidl",
            "data": "status_array",
            "start_offset": 557,
            "end_offset": 569
          },
          "type": {
            "kind": "array"
          }
        },
        {
          "name": "status_vector",
          "location": {
            "is_virtual": false,
            "file": "../../tools/fidl/fidlc/testdata/zx_types.test.fidl",
            "data": "status_vector",
            "start_offset": 598,
            "end_offset": 611
          },
          "type": {
            "kind": "vector"
          }
        }
      ]
    }
  ],
  "protocols": [
    {
      "identifier": "test.zxtypes/ResultProtocol",
      "location": {
        "is_virtual": false,
        "file": "../../tools/fidl/fidlc/testdata/zx_types.test.fidl",
        "data": "ResultProtocol",
        "start_offset": 2485,
        "end_offset": 2499
      },
      "methods": [
        {
          "identifier": "A",
          "location": {
            "is_virtual": false,
            "file": "../../tools/fidl/fidlc/testdata/zx_types.test.fidl",
            "data": "A",
            "start_offset": 2506,
            "end_offset": 2507
          },
          "request_type": {
            "kind": "identifier",
            "is_anonymous": true
          },
          "response_type": {
            "kind": "identifier",
            "is_anonymous": true
          }
        },
        {
          "identifier": "B",
          "location": {
            "is_virtual": false,
            "file": "../../tools/fidl/fidlc/testdata/zx_types.test.fidl",
            "data": "B",
            "start_offset": 2615,
            "end_offset": 2616
          },
          "request_type": {
            "kind": "identifier",
            "is_anonymous": true
          },
          "response_type": {
            "kind": "identifier",
            "is_anonymous": true
          }
        }
      ],
      "composed_protocols": []
    },
    {
      "identifier": "test.zxtypes/StatusProtocol",
      "location": {
        "is_virtual": false,
        "file": "../../tools/fidl/fidlc/testdata/zx_types.test.fidl",
        "data": "StatusProtocol",
        "start_offset": 1220,
        "end_offset": 1234
      },
      "methods": [
        {
          "identifier": "A",
          "location": {
            "is_virtual": false,
            "file": "../../tools/fidl/fidlc/testdata/zx_types.test.fidl",
            "data": "A",
            "start_offset": 1241,
            "end_offset": 1242
          },
          "request_type": {
            "kind": "identifier",
            "is_anonymous": true
          },
          "response_type": {
            "kind": "identifier",
            "is_anonymous": true
          }
        },
        {
          "identifier": "B",
          "location": {
            "is_virtual": false,
            "file": "../../tools/fidl/fidlc/testdata/zx_types.test.fidl",
            "data": "B",
            "start_offset": 1350,
            "end_offset": 1351
          },
          "request_type": {
            "kind": "identifier",
            "is_anonymous": true
          },
          "response_type": {
            "kind": "identifier",
            "is_anonymous": true
          }
        }
      ],
      "composed_protocols": []
    }
  ]
}
